2026-08-02 15:45:10 [INFO] BaseTest - ====Start auto test
2026-08-02 15:45:10 [INFO] BaseTest - Opening Chrome browser
2026-08-02 15:45:12 [INFO] BaseTest - Running test: Verify movie detail displayed
2026-08-02 15:45:14 [INFO] BaseTest - Movie detail displayed successfully
2026-08-02 15:45:14 [INFO] BaseTest - Closing browser
2026-08-02 15:45:14 [INFO] BaseTest - END-----TEST--------
2026-08-02 15:45:14 [INFO] BaseTest - ====Start auto test
2026-08-02 15:45:14 [INFO] BaseTest - Opening Chrome browser
2026-08-02 15:45:16 [INFO] BaseTest - Running test: Verify movie list displayed
2026-08-02 15:45:18 [INFO] BaseTest - List of movies displayed
2026-08-02 15:45:18 [INFO] BaseTest - Closing browser
2026-08-02 15:45:18 [INFO] BaseTest - END-----TEST--------
2026-08-02 16:10:29 [INFO] BaseTest - ====Start auto test
2026-08-02 16:10:29 [INFO] BaseTest - Opening Chrome browser
2026-08-02 16:10:33 [INFO] BaseTest - Start testing: Verify signup button
2026-08-02 16:10:33 [INFO] BaseTest - Clcik on Sign Up button
2026-08-02 16:10:53 [ERROR] BaseTest - Test failed: verifySignupBtn
2026-08-02 16:10:53 [INFO] BaseTest - Closing browser
2026-08-02 16:10:54 [INFO] BaseTest - END-----TEST--------
2026-08-02 16:11:50 [INFO] BaseTest - ====Start auto test
2026-08-02 16:11:50 [INFO] BaseTest - Opening Chrome browser
2026-08-02 16:11:52 [INFO] BaseTest - Start testing: Verify signup button
2026-08-02 16:11:52 [INFO] BaseTest - Clcik on Sign Up button
2026-08-02 16:11:52 [INFO] BaseTest - Verify the result
2026-08-02 16:11:52 [INFO] BaseTest - Closing browser
2026-08-02 16:11:53 [INFO] BaseTest - END-----TEST--------
2026-08-02 16:27:49 [INFO] BaseTest - ====Start auto test
2026-08-02 16:27:49 [INFO] BaseTest - Opening Chrome browser
2026-08-02 16:27:51 [INFO] BaseTest - Start testing: Verify signup button
2026-08-02 16:27:51 [INFO] BaseTest - Clcik on Sign Up button
2026-08-02 16:27:51 [INFO] BaseTest - Verify the result
2026-08-02 16:27:51 [INFO] BaseTest - Closing browser
2026-08-02 16:27:52 [INFO] BaseTest - END-----TEST--------
2026-08-02 16:28:33 [INFO] BaseTest - ====Start auto test
2026-08-02 16:28:33 [INFO] BaseTest - Opening Chrome browser
2026-08-02 16:28:35 [INFO] BaseTest - Start testing: Verify signup button
2026-08-02 16:28:35 [INFO] BaseTest - Clcik on Sign Up button
2026-08-02 16:28:35 [INFO] BaseTest - Verify the result
2026-08-02 16:28:35 [ERROR] BaseTest - Test failed: verifySignupBtn
2026-08-02 16:28:36 [INFO] BaseTest - Closing browser
2026-08-02 16:28:36 [INFO] BaseTest - END-----TEST--------
2026-08-02 16:29:06 [INFO] BaseTest - ====Start auto test
2026-08-02 16:29:06 [INFO] BaseTest - Opening Chrome browser
2026-08-02 16:29:08 [INFO] BaseTest - Start testing: Verify signup button
2026-08-02 16:29:08 [INFO] BaseTest - Clcik on Sign Up button
2026-08-02 16:29:09 [INFO] BaseTest - Verify the result
2026-08-02 16:29:09 [INFO] BaseTest - Closing browser
2026-08-02 16:29:09 [INFO] BaseTest - END-----TEST--------
2026-08-02 16:59:09 [INFO] BaseTest - ====Start auto test
2026-08-02 16:59:09 [INFO] BaseTest - Opening Chrome browser
2026-08-02 16:59:11 [INFO] BaseTest - Start testing: Verify signup button
2026-08-02 16:59:11 [INFO] BaseTest - Clcik on Sign Up button
2026-08-02 16:59:12 [INFO] BaseTest - Verify the result
2026-08-02 16:59:12 [INFO] BaseTest - Closing browser
2026-08-02 16:59:12 [INFO] BaseTest - END-----TEST--------
2026-08-02 16:59:12 [INFO] BaseTest - ====Start auto test
2026-08-02 16:59:12 [INFO] BaseTest - Opening Chrome browser
2026-08-02 16:59:13 [INFO] BaseTest - Start testing: Verify Signup Form
2026-08-02 16:59:13 [INFO] BaseTest - Click on SignUp button
2026-08-02 16:59:14 [INFO] BaseTest - Verify test result
2026-08-02 16:59:14 [INFO] BaseTest - Verify test result - Ended
2026-08-02 16:59:14 [INFO] BaseTest - Closing browser
2026-08-02 16:59:14 [INFO] BaseTest - END-----TEST--------
